EN debounce NULL C:/Users/Josh/Documents/College/Junior/Spring/DebounceTest/debounce.vhd sub00/vhpl00 1423071227
AR debounce logic C:/Users/Josh/Documents/College/Junior/Spring/DebounceTest/debounce.vhd sub00/vhpl01 1423071228
AR buttoncontrol structural C:/Users/Josh/Documents/College/Junior/Spring/DebounceTest/button_controller.vhd sub00/vhpl03 1423071230
EN buttoncontrol NULL C:/Users/Josh/Documents/College/Junior/Spring/DebounceTest/button_controller.vhd sub00/vhpl02 1423071229
