AR sseg_toplevel structural C:/Users/Josh/Documents/College/Junior/Spring/SevenSegmentTest/SevenSeg_toplevel.vhd sub00/vhpl03 1423073995
EN sseg_toplevel NULL C:/Users/Josh/Documents/College/Junior/Spring/SevenSegmentTest/SevenSeg_toplevel.vhd sub00/vhpl02 1423073994
AR ssegdriver behavioral C:/Users/Josh/Documents/College/Junior/Spring/SevenSegmentTest/SevenSeg.vhd sub00/vhpl01 1423073993
EN ssegdriver NULL C:/Users/Josh/Documents/College/Junior/Spring/SevenSegmentTest/SevenSeg.vhd sub00/vhpl00 1423073992
