V3 8
FL C:/Users/Josh/Documents/College/Junior/Spring/SevenSegmentTest/SevenSeg.vhd 2015/02/04.00:55:52 P.20131013
EN work/SSegDriver 1423073992 \
      FL C:/Users/Josh/Documents/College/Junior/Spring/SevenSegmentTest/SevenSeg.vhd \
      PB ieee/std_logic_1164 1381692176 PB ieee/std_logic_arith 1381692177 \
      PB ieee/STD_LOGIC_UNSIGNED 1381692179
AR work/SSegDriver/Behavioral 1423073993 \
      FL C:/Users/Josh/Documents/College/Junior/Spring/SevenSegmentTest/SevenSeg.vhd \
      EN work/SSegDriver 1423073992
FL C:/Users/Josh/Documents/College/Junior/Spring/SevenSegmentTest/SevenSeg_toplevel.vhd 2015/02/04.13:19:41 P.20131013
EN work/SSeg_toplevel 1423073994 \
      FL C:/Users/Josh/Documents/College/Junior/Spring/SevenSegmentTest/SevenSeg_toplevel.vhd \
      PB ieee/std_logic_1164 1381692176 PB ieee/std_logic_arith 1381692177 \
      PB ieee/STD_LOGIC_UNSIGNED 1381692179 LB work
AR work/SSeg_toplevel/Structural 1423073995 \
      FL C:/Users/Josh/Documents/College/Junior/Spring/SevenSegmentTest/SevenSeg_toplevel.vhd \
      EN work/SSeg_toplevel 1423073994 CP work/SSegDriver
