V3 20
FL C:/Users/Josh/Documents/College/Junior/Spring/CounterTest/clk2Hz.vhd 2015/02/04.00:55:52 P.20131013
EN work/clk2Hz 1423070735 \
      FL C:/Users/Josh/Documents/College/Junior/Spring/CounterTest/clk2Hz.vhd \
      PB ieee/std_logic_1164 1381692176
AR work/clk2Hz/Behavioral 1423070736 \
      FL C:/Users/Josh/Documents/College/Junior/Spring/CounterTest/clk2Hz.vhd \
      EN work/clk2Hz 1423070735
FL C:/Users/Josh/Documents/College/Junior/Spring/CounterTest/clk4Hz.vhd 2015/02/04.12:25:18 P.20131013
EN work/clk4Hz 1423070737 \
      FL C:/Users/Josh/Documents/College/Junior/Spring/CounterTest/clk4Hz.vhd \
      PB ieee/std_logic_1164 1381692176
AR work/clk4Hz/Behavioral 1423070738 \
      FL C:/Users/Josh/Documents/College/Junior/Spring/CounterTest/clk4Hz.vhd \
      EN work/clk4Hz 1423070737
FL C:/Users/Josh/Documents/College/Junior/Spring/CounterTest/counter.vhd 2015/02/04.00:55:52 P.20131013
EN work/counter 1423070741 \
      FL C:/Users/Josh/Documents/College/Junior/Spring/CounterTest/counter.vhd \
      PB ieee/std_logic_1164 1381692176 PB ieee/std_logic_arith 1381692177 \
      PB ieee/STD_LOGIC_UNSIGNED 1381692179
AR work/counter/Behavioral 1423070742 \
      FL C:/Users/Josh/Documents/College/Junior/Spring/CounterTest/counter.vhd \
      EN work/counter 1423070741
FL C:/Users/Josh/Documents/College/Junior/Spring/CounterTest/counter_toplevel.vhd 2015/02/04.00:55:52 P.20131013
EN work/clock_toplevel 1423070743 \
      FL C:/Users/Josh/Documents/College/Junior/Spring/CounterTest/counter_toplevel.vhd \
      PB ieee/std_logic_1164 1381692176 PB ieee/std_logic_arith 1381692177 \
      PB ieee/STD_LOGIC_UNSIGNED 1381692179 LB work
AR work/clock_toplevel/Structural 1423070744 \
      FL C:/Users/Josh/Documents/College/Junior/Spring/CounterTest/counter_toplevel.vhd \
      EN work/clock_toplevel 1423070743 CP work/clk2Hz CP work/clk4Hz \
      CP work/mux_2to1 CP work/counter
FL C:/Users/Josh/Documents/College/Junior/Spring/CounterTest/mux_2to1.vhd 2015/02/04.00:55:52 P.20131013
EN work/mux_2to1 1423070739 \
      FL C:/Users/Josh/Documents/College/Junior/Spring/CounterTest/mux_2to1.vhd \
      PB ieee/std_logic_1164 1381692176
AR work/mux_2to1/Behavioral 1423070740 \
      FL C:/Users/Josh/Documents/College/Junior/Spring/CounterTest/mux_2to1.vhd \
      EN work/mux_2to1 1423070739
